2025-10-10 15:53:20.555 | INFO     | simple_otp.core.logger:configure_logging:58 - ================================================================================
2025-10-10 15:53:20.556 | INFO     | simple_otp.core.logger:configure_logging:59 - Logging system initialized
2025-10-10 15:53:20.556 | INFO     | simple_otp.core.logger:configure_logging:60 - Log file: c:\dev\simple-otp\simple_otp.log
2025-10-10 15:53:20.556 | INFO     | simple_otp.core.logger:configure_logging:61 - ================================================================================
2025-10-10 15:53:20.556 | INFO     | __main__:main:15 - Starting Simple OTP application
2025-10-10 15:53:20.558 | DEBUG    | __main__:main:18 - wxPython App instance created
2025-10-10 15:53:20.558 | DEBUG    | __main__:main:22 - Loading settings manager
2025-10-10 15:53:20.558 | DEBUG    | simple_otp.core.settings_manager:__init__:56 - SettingsManager initialized with file: c:\dev\simple-otp\simple_otp\settings.json
2025-10-10 15:53:20.568 | INFO     | simple_otp.core.settings_manager:load:75 - Settings loaded from c:\dev\simple-otp\simple_otp\settings.json
2025-10-10 15:53:20.568 | INFO     | __main__:main:37 - Using saved locale: uk-UA
2025-10-10 15:53:20.569 | DEBUG    | __main__:main:42 - Creating main window
2025-10-10 15:53:20.569 | INFO     | simple_otp.ui.main_window:__init__:34 - Initializing MainWindow
2025-10-10 15:53:20.572 | DEBUG    | simple_otp.ui.main_window:__init__:40 - MainWindow frame created with title: Simple OTP
2025-10-10 15:53:20.572 | DEBUG    | simple_otp.ui.main_window:__init__:47 - Window maximized
2025-10-10 15:53:20.572 | DEBUG    | simple_otp.ui.main_window:__init__:54 - Initializing SettingsManager
2025-10-10 15:53:20.572 | DEBUG    | simple_otp.core.settings_manager:__init__:56 - SettingsManager initialized with file: c:\dev\simple-otp\simple_otp\settings.json
2025-10-10 15:53:20.573 | INFO     | simple_otp.core.settings_manager:load:75 - Settings loaded from c:\dev\simple-otp\simple_otp\settings.json
2025-10-10 15:53:20.573 | DEBUG    | simple_otp.ui.main_window:__init__:58 - Initializing helper modules (Authenticator, RecentFilesManager, FileController)
2025-10-10 15:53:20.573 | DEBUG    | simple_otp.core.authenticator:__init__:24 - Authenticator initialized
2025-10-10 15:53:20.573 | DEBUG    | simple_otp.ui.file_controller:__init__:26 - FileController initialized
2025-10-10 15:53:20.573 | DEBUG    | simple_otp.ui.main_window:__init__:70 - Creating menu bar and UI
2025-10-10 15:53:20.587 | DEBUG    | simple_otp.ui.main_window:__init__:79 - Scheduling deferred file opening on startup
2025-10-10 15:53:20.587 | INFO     | simple_otp.ui.main_window:__init__:82 - MainWindow initialized successfully
2025-10-10 15:53:20.614 | INFO     | __main__:main:45 - Main window displayed, entering main loop
2025-10-10 15:53:20.615 | INFO     | simple_otp.core.authenticator:authenticate:48 - Authentication requested for file: C:\dev_test\quick_python_tests\testooo.json
2025-10-10 15:53:20.615 | DEBUG    | simple_otp.core.authenticator:authenticate:49 - Max authentication attempts: 3
2025-10-10 15:53:20.615 | DEBUG    | simple_otp.core.accounts_manager:__init__:30 - Initializing AccountsManager (auto_create=False)
2025-10-10 15:53:20.615 | DEBUG    | simple_otp.core.accounts_manager:__init__:40 - Using custom storage path: C:\dev_test\quick_python_tests\testooo.json
2025-10-10 15:53:20.615 | DEBUG    | simple_otp.core.accounts_manager:__init__:50 - Storage file exists or auto_create=False: True
2025-10-10 15:53:20.615 | DEBUG    | simple_otp.core.authenticator:authenticate:56 - AccountsManager created successfully
2025-10-10 15:53:20.615 | DEBUG    | simple_otp.core.authenticator:_request_password_with_retry:93 - Starting password retry loop (max 3 attempts)
2025-10-10 15:53:20.615 | DEBUG    | simple_otp.core.authenticator:_request_password_with_retry:97 - Password attempt 1/3
2025-10-10 15:53:20.615 | DEBUG    | simple_otp.core.authenticator:_request_password_with_retry:115 - Showing password dialog
2025-10-10 15:53:20.615 | DEBUG    | simple_otp.ui.password_dialog:__init__:33 - PasswordDialog opened (login mode)
2025-10-10 15:53:22.423 | INFO     | simple_otp.ui.password_dialog:_on_ok:144 - Password validation successful, dialog closing with OK
2025-10-10 15:53:22.427 | DEBUG    | simple_otp.core.authenticator:_request_password_with_retry:130 - Password entered by user
2025-10-10 15:53:22.427 | DEBUG    | simple_otp.core.authenticator:_request_password_with_retry:134 - Verifying password
2025-10-10 15:53:22.427 | DEBUG    | simple_otp.core.accounts_manager:_load_accounts:87 - Loading accounts from: C:\dev_test\quick_python_tests\testooo.json
2025-10-10 15:53:22.427 | INFO     | simple_otp.core.accounts_manager:_load_accounts:106 - Loaded 1 accounts from C:\dev_test\quick_python_tests\testooo.json
2025-10-10 15:53:22.427 | DEBUG    | simple_otp.core.accounts_manager:_load_accounts:87 - Loading accounts from: C:\dev_test\quick_python_tests\testooo.json
2025-10-10 15:53:22.428 | INFO     | simple_otp.core.accounts_manager:_load_accounts:106 - Loaded 1 accounts from C:\dev_test\quick_python_tests\testooo.json
2025-10-10 15:53:22.516 | INFO     | simple_otp.core.authenticator:_request_password_with_retry:136 - Password verified successfully
2025-10-10 15:53:22.516 | INFO     | simple_otp.core.authenticator:authenticate:73 - Authentication successful for: C:\dev_test\quick_python_tests\testooo.json
2025-10-10 15:53:22.517 | DEBUG    | simple_otp.core.accounts_manager:_load_accounts:87 - Loading accounts from: C:\dev_test\quick_python_tests\testooo.json
2025-10-10 15:53:22.517 | INFO     | simple_otp.core.accounts_manager:_load_accounts:106 - Loaded 1 accounts from C:\dev_test\quick_python_tests\testooo.json
2025-10-10 15:53:22.518 | DEBUG    | simple_otp.core.recent_files_manager:add_file:41 - Moved existing file to front of recent list: C:\dev_test\quick_python_tests\testooo.json
2025-10-10 15:53:22.519 | DEBUG    | simple_otp.core.settings_manager:save:107 - Settings saved to c:\dev\simple-otp\simple_otp\settings.json
2025-10-10 15:53:26.316 | INFO     | simple_otp.ui.main_window:_on_open_log:520 - User requested to open log file: c:\dev\simple-otp\simple_otp.log
2025-10-10 15:53:26.317 | DEBUG    | simple_otp.ui.main_window:_on_open_log:528 - Opening log file with default editor: c:\dev\simple-otp\simple_otp.log
2025-10-10 15:53:26.393 | INFO     | simple_otp.ui.main_window:_on_open_log:530 - Log file opened successfully
2025-10-10 15:54:16.065 | INFO     | __main__:main:47 - Application main loop ended
